// Bun Snapshot v1, https://bun.sh/docs/test/snapshots

exports[`command-line checker blocks and local definitions reports an inline ordinary block 1`] = `
"test/fixtures/block-expression.qnt:4:23: error[format/block-layout]: expected block contents and the closing brace on separate lines
  |
4 |   action initialize = {count' = 0}
  |                       ^
  |
"
`;

exports[`command-line checker blocks and local definitions reports noncanonical ordinary-block comment formatting 1`] = `
"test/fixtures/block-expression-comment.qnt:1:15: error[format/module-brace-spacing]: expected one space before '{'
  |
1 | module Example{
  |               ^
  |
test/fixtures/block-expression-comment.qnt:2:1: error[format/module-body-indentation]: expected 2 spaces of indentation
  |
2 | action step={
  | ^
  |
test/fixtures/block-expression-comment.qnt:2:12: error[format/equals-spacing]: expected one space around '='
  |
2 | action step={
  |            ^
  |
"
`;

exports[`command-line checker blocks and local definitions reports noncanonical block-combinator formatting 1`] = `
"test/fixtures/and-block.qnt:2:24: error[format/block-combinator-brace-spacing]: expected one space inside compact block-combinator braces
  |
2 |   pure val both = and {true ,false}
  |                        ^
  |
test/fixtures/and-block.qnt:2:29: error[format/block-combinator-separator-spacing]: expected no space before ','
  |
2 |   pure val both = and {true ,false}
  |                             ^
  |
test/fixtures/and-block.qnt:2:30: error[format/block-combinator-separator-spacing]: expected one space after ',' between grouped block entries
  |
2 |   pure val both = and {true ,false}
  |                              ^
  |
"
`;

exports[`command-line checker blocks and local definitions reports noncanonical block-combinator comment formatting 1`] = `
"test/fixtures/combinator-comment.qnt:1:15: error[format/module-brace-spacing]: expected one space before '{'
  |
1 | module Example{
  |               ^
  |
test/fixtures/combinator-comment.qnt:2:1: error[format/module-body-indentation]: expected 2 spaces of indentation
  |
2 | action step=all{
  | ^
  |
test/fixtures/combinator-comment.qnt:2:12: error[format/equals-spacing]: expected one space around '='
  |
2 | action step=all{
  |            ^
  |
"
`;

exports[`command-line checker blocks and local definitions reports noncanonical nondet-binding formatting 1`] = `
"test/fixtures/nondet-binding.qnt:5:11: error[format/nondet-binding-spacing]: expected one space after 'nondet'
  |
5 |     nondet  choice=Set(1, 2).oneOf()
  |           ^^
  |
test/fixtures/nondet-binding.qnt:5:19: error[format/nondet-binding-spacing]: expected one space around '='
  |
5 |     nondet  choice=Set(1, 2).oneOf()
  |                   ^
  |
"
`;

exports[`command-line checker blocks and local definitions reports noncanonical nested-definition formatting 1`] = `
"test/fixtures/nested-definitions.qnt:3:9: error[format/qualifier-spacing]: expected one space after 'pure'
  |
3 |     pure   val doubled:int=value * 2;
  |         ^^^
  |
test/fixtures/nested-definitions.qnt:3:23: error[format/type-colon-spacing]: expected ': ' before the definition type
  |
3 |     pure   val doubled:int=value * 2;
  |                       ^
  |
test/fixtures/nested-definitions.qnt:3:27: error[format/equals-spacing]: expected one space around '='
  |
3 |     pure   val doubled:int=value * 2;
  |                           ^
  |
test/fixtures/nested-definitions.qnt:3:37: error[format/unnecessary-semicolon]: optional semicolons are omitted
  |
3 |     pure   val doubled:int=value * 2;
  |                                     ^
  |
test/fixtures/nested-definitions.qnt:4:9: error[format/qualifier-spacing]: expected one space after 'pure'
  |
4 |     pure   def increment(number: int): int=number + 1;
  |         ^^^
  |
test/fixtures/nested-definitions.qnt:4:43: error[format/equals-spacing]: expected one space around '='
  |
4 |     pure   def increment(number: int): int=number + 1;
  |                                           ^
  |
test/fixtures/nested-definitions.qnt:4:54: error[format/unnecessary-semicolon]: optional semicolons are omitted
  |
4 |     pure   def increment(number: int): int=number + 1;
  |                                                      ^
  |
"
`;
