// Bun Snapshot v1, https://bun.sh/docs/test/snapshots

exports[`command-line checker calls and member access reports noncanonical call-expression formatting 1`] = `
"test/fixtures/call-expression.qnt:2:20: error[format/call-delimiter-spacing]: expected no space after '('
  |
2 |   val values = Set( 1 ,2, )
  |                    ^
  |
test/fixtures/call-expression.qnt:2:23: error[format/argument-separator-spacing]: expected ', ' between arguments
  |
2 |   val values = Set( 1 ,2, )
  |                       ^
  |
test/fixtures/call-expression.qnt:2:25: error[format/unnecessary-trailing-comma]: trailing commas are omitted from inline calls
  |
2 |   val values = Set( 1 ,2, )
  |                         ^
  |
test/fixtures/call-expression.qnt:2:26: error[format/call-delimiter-spacing]: expected no space before ')'
  |
2 |   val values = Set( 1 ,2, )
  |                          ^
  |
"
`;

exports[`command-line checker calls and member access reports noncanonical call-argument comment formatting 1`] = `
"test/fixtures/call-argument-comment.qnt:1:15: error[format/module-brace-spacing]: expected one space before '{'
  |
1 | module Example{
  |               ^
  |
test/fixtures/call-argument-comment.qnt:2:1: error[format/module-body-indentation]: expected 2 spaces of indentation
  |
2 | val result=Set(
  | ^
  |
test/fixtures/call-argument-comment.qnt:2:11: error[format/equals-spacing]: expected one space around '='
  |
2 | val result=Set(
  |           ^
  |
"
`;

exports[`command-line checker calls and member access reports noncanonical UFCS-call formatting 1`] = `
"test/fixtures/ufcs-call.qnt:2:27: error[format/call-delimiter-spacing]: expected no space inside '()'
  |
2 |   val count = Set(1).size( )
  |                           ^
  |
"
`;

exports[`command-line checker calls and member access reports noncanonical index-expression formatting 1`] = `
"test/fixtures/index-expression.qnt:2:26: error[format/index-delimiter-spacing]: expected no space after '['
  |
2 |   val first = List(1, 2)[ 0 ]
  |                          ^
  |
test/fixtures/index-expression.qnt:2:28: error[format/index-delimiter-spacing]: expected no space before ']'
  |
2 |   val first = List(1, 2)[ 0 ]
  |                            ^
  |
"
`;

exports[`command-line checker calls and member access reports noncanonical field-access formatting 1`] = `
"test/fixtures/field-access.qnt:2:29: error[format/field-access-spacing]: expected no space around '.'
  |
2 |   val answer = { value: 1 } . value
  |                             ^
  |
"
`;

exports[`command-line checker calls and member access reports noncanonical field-access comment formatting 1`] = `
"test/fixtures/field-access-comment.qnt:1:15: error[format/module-brace-spacing]: expected one space before '{'
  |
1 | module Example{
  |               ^
  |
test/fixtures/field-access-comment.qnt:2:1: error[format/module-body-indentation]: expected 2 spaces of indentation
  |
2 | pure val source={field:1}
  | ^
  |
test/fixtures/field-access-comment.qnt:2:16: error[format/equals-spacing]: expected one space around '='
  |
2 | pure val source={field:1}
  |                ^
  |
test/fixtures/field-access-comment.qnt:2:18: error[format/expression-delimiter-spacing]: expected one space after '{'
  |
2 | pure val source={field:1}
  |                  ^
  |
test/fixtures/field-access-comment.qnt:2:24: error[format/expression-colon-spacing]: expected one space after ':'
  |
2 | pure val source={field:1}
  |                        ^
  |
test/fixtures/field-access-comment.qnt:2:25: error[format/expression-delimiter-spacing]: expected one space before '}'
  |
2 | pure val source={field:1}
  |                         ^
  |
test/fixtures/field-access-comment.qnt:3:1: error[format/module-body-indentation]: expected 2 spaces of indentation
  |
3 | pure val answer=source
  | ^
  |
test/fixtures/field-access-comment.qnt:3:16: error[format/equals-spacing]: expected one space around '='
  |
3 | pure val answer=source
  |                ^
  |
test/fixtures/field-access-comment.qnt:4:1: error[format/field-access-indentation]: expected the chain comment and selector at a four-space continuation
  |
4 | // Preserve this chain comment.
  | ^
  |
test/fixtures/field-access-comment.qnt:5:1: error[format/field-access-indentation]: expected the chain comment and selector at a four-space continuation
  |
5 | .field
  | ^
  |
"
`;
