// Bun Snapshot v1, https://bun.sh/docs/test/snapshots

exports[`command-line checker conditional expressions reports noncanonical conditional formatting 1`] = `
"test/fixtures/conditional-expression.qnt:2:23: error[format/conditional-keyword-spacing]: expected one space after 'if'
  |
2 |   pure val answer = if( true )1  else  2
  |                       ^
  |
test/fixtures/conditional-expression.qnt:2:24: error[format/conditional-delimiter-spacing]: expected no space after '('
  |
2 |   pure val answer = if( true )1  else  2
  |                        ^
  |
test/fixtures/conditional-expression.qnt:2:29: error[format/conditional-delimiter-spacing]: expected no space before ')'
  |
2 |   pure val answer = if( true )1  else  2
  |                             ^
  |
test/fixtures/conditional-expression.qnt:2:31: error[format/conditional-branch-spacing]: expected one space after ')'
  |
2 |   pure val answer = if( true )1  else  2
  |                               ^
  |
test/fixtures/conditional-expression.qnt:2:34: error[format/conditional-else-spacing]: expected one space around 'else'
  |
2 |   pure val answer = if( true )1  else  2
  |                                  ^^^^
  |
"
`;

exports[`command-line checker conditional expressions reports noncanonical conditional-comment formatting 1`] = `
"test/fixtures/conditional-comment.qnt:1:15: error[format/module-brace-spacing]: expected one space before '{'
  |
1 | module Example{
  |               ^
  |
test/fixtures/conditional-comment.qnt:2:1: error[format/module-body-indentation]: expected 2 spaces of indentation
  |
2 | pure val answer=if(true)1 else
  | ^
  |
test/fixtures/conditional-comment.qnt:2:16: error[format/equals-spacing]: expected one space around '='
  |
2 | pure val answer=if(true)1 else
  |                ^
  |
test/fixtures/conditional-comment.qnt:2:19: error[format/conditional-keyword-spacing]: expected one space after 'if'
  |
2 | pure val answer=if(true)1 else
  |                   ^
  |
test/fixtures/conditional-comment.qnt:2:25: error[format/conditional-branch-spacing]: expected a line break and two-space indentation after ')'
  |
2 | pure val answer=if(true)1 else
  |                         ^
  |
test/fixtures/conditional-comment.qnt:2:27: error[format/conditional-else-spacing]: expected preserved line breaks and indentation around 'else'
  |
2 | pure val answer=if(true)1 else
  |                           ^^^^
  |
"
`;

exports[`command-line checker conditional expressions reports noncanonical conditional-consequence comment formatting 1`] = `
"test/fixtures/conditional-consequence-comment.qnt:1:15: error[format/module-brace-spacing]: expected one space before '{'
  |
1 | module Example{
  |               ^
  |
test/fixtures/conditional-consequence-comment.qnt:2:1: error[format/module-body-indentation]: expected 2 spaces of indentation
  |
2 | pure val answer=if(true)
  | ^
  |
test/fixtures/conditional-consequence-comment.qnt:2:16: error[format/equals-spacing]: expected one space around '='
  |
2 | pure val answer=if(true)
  |                ^
  |
test/fixtures/conditional-consequence-comment.qnt:2:19: error[format/conditional-keyword-spacing]: expected one space after 'if'
  |
2 | pure val answer=if(true)
  |                   ^
  |
test/fixtures/conditional-consequence-comment.qnt:2:25: error[format/conditional-branch-spacing]: expected one space after ')'
  |
2 | pure val answer=if(true)
  |                         ^
  |
"
`;
