// Bun Snapshot v1, https://bun.sh/docs/test/snapshots

exports[`command-line checker namespace access and assignments reports noncanonical namespace-access formatting 1`] = `
"test/fixtures/namespace-access.qnt:2:27: error[format/namespace-access-spacing]: expected no space around '::'
  |
2 |   pure val apply = (Scope :: x)=>Scope :: x
  |                           ^^
  |
test/fixtures/namespace-access.qnt:2:32: error[format/lambda-arrow-spacing]: expected one space around '=>'
  |
2 |   pure val apply = (Scope :: x)=>Scope :: x
  |                                ^^
  |
test/fixtures/namespace-access.qnt:2:40: error[format/namespace-access-spacing]: expected no space around '::'
  |
2 |   pure val apply = (Scope :: x)=>Scope :: x
  |                                        ^^
  |
"
`;

exports[`command-line checker namespace access and assignments reports noncanonical primed-assignment formatting 1`] = `
"test/fixtures/primed-assignment.qnt:4:27: error[format/prime-spacing]: expected no space before "'"
  |
4 |   action increment = count '  =count + 1
  |                           ^
  |
test/fixtures/primed-assignment.qnt:4:31: error[format/assignment-spacing]: expected one space around '='
  |
4 |   action increment = count '  =count + 1
  |                               ^
  |
"
`;
