// Bun Snapshot v1, https://bun.sh/docs/test/snapshots

exports[`command-line checker operators reports noncanonical unary-expression formatting 1`] = `
"test/fixtures/unary-expression.qnt:2:19: error[format/unary-operator-spacing]: expected no space after '-'
  |
2 |   val negative = - 42
  |                   ^
  |
"
`;

exports[`command-line checker operators reports noncanonical multiplication formatting 1`] = `
"test/fixtures/multiplication-expression.qnt:2:23: error[format/binary-operator-spacing]: expected one space around '*'
  |
2 |   pure val product = 2*3
  |                       ^
  |
"
`;
