// Bun Snapshot v1, https://bun.sh/docs/test/snapshots

exports[`command-line checker reports a compact empty module 1`] = `
"test/fixtures/compact-empty-module.qnt:1:16: error[format/empty-module]: empty module braces must be on separate lines
  |
1 | module Example {}
  |                ^^
  |
"
`;

exports[`command-line checker reports a missing module brace at end of file 1`] = `
"test/fixtures/missing-module-brace.qnt:2:1: error[parse/missing-token]: expected '}'
  |
2 |
  | ^
  |
"
`;

exports[`command-line checker reports noncanonical spacing after the module keyword 1`] = `
"test/fixtures/module-keyword-spacing.qnt:1:7: error[format/module-keyword-spacing]: expected one space after 'module'
  |
1 | module   Example {
  |       ^^^
  |
"
`;
