// Bun Snapshot v1, https://bun.sh/docs/test/snapshots

exports[`document renderer renders indented hard lines 1`] = `
"module Example {
  val answer = 42
}
"
`;

exports[`document renderer keeps groups on one line when they fit 1`] = `
"module Example { val answer = 42 }
"
`;

exports[`document renderer breaks groups when they exceed the line width 1`] = `
"module Example {
  val answer = 42
}
"
`;

exports[`document renderer uses a 120-column default line width 1`] = `"xxxxxxxxxxxxxxxxxxxxxxxxxxxxxxxxxxxxxxxxxxxxxxxxxxxxxxxxxxxx yyyyyyyyyyyyyyyyyyyyyyyyyyyyyyyyyyyyyyyyyyyyyyyyyy"`;
