// Bun Snapshot v1, https://bun.sh/docs/test/snapshots

exports[`formatter properties converges for deterministic whitespace fuzz cases 1`] = `
{
  "cases": 128,
  "uniqueOutputs": 34,
}
`;

exports[`formatter properties converges for deterministic whitespace fuzz cases 2`] = `
"module Fuzz {
  val result: bool =
    Set(1, 2).contains(1) and 1 + 2 == 3
}
"
`;
