// Bun Snapshot v1, https://bun.sh/docs/test/snapshots

exports[`checker diagnostics definitions reports noncanonical general assumption formatting 1`] = `
"test/fixtures/assumption-expression.qnt:4:15: error[format/equals-spacing]: expected one space around '='
  |
4 |   assume Holds=Flag
  |               ^
  |
"
`;

exports[`checker diagnostics definitions reports noncanonical parameterless def formatting 1`] = `
"test/fixtures/def-definition.qnt:2:13: error[format/equals-spacing]: expected one space around '='
  |
2 |   def answer=42
  |             ^
  |
"
`;

exports[`checker diagnostics definitions reports noncanonical def-parameter formatting 1`] = `
"test/fixtures/def-parameter.qnt:2:16: error[format/parameter-list-spacing]: expected no space after '('
  |
2 |   def identity( value )=value
  |                ^
  |
test/fixtures/def-parameter.qnt:2:22: error[format/parameter-list-spacing]: expected no space before ')'
  |
2 |   def identity( value )=value
  |                      ^
  |
test/fixtures/def-parameter.qnt:2:24: error[format/equals-spacing]: expected one space around '='
  |
2 |   def identity( value )=value
  |                        ^
  |
"
`;

exports[`checker diagnostics definitions reports noncanonical ignored-parameter formatting 1`] = `
"test/fixtures/hole-parameter.qnt:2:19: error[format/parameter-list-spacing]: expected no space after '('
  |
2 |   pure def ignore( _: int ): int = 0
  |                   ^
  |
test/fixtures/hole-parameter.qnt:2:26: error[format/parameter-list-spacing]: expected no space before ')'
  |
2 |   pure def ignore( _: int ): int = 0
  |                          ^
  |
"
`;

exports[`checker diagnostics definitions reports noncanonical multiple-def-parameter formatting 1`] = `
"test/fixtures/multiple-def-parameters.qnt:2:19: error[format/parameter-separator-spacing]: expected ', ' between parameters
  |
2 |   def choose(left ,right)=left
  |                   ^
  |
test/fixtures/multiple-def-parameters.qnt:2:26: error[format/equals-spacing]: expected one space around '='
  |
2 |   def choose(left ,right)=left
  |                          ^
  |
"
`;

exports[`checker diagnostics definitions reports noncanonical typed-def-header formatting 1`] = `
"test/fixtures/typed-def-header.qnt:2:21: error[format/type-colon-spacing]: expected no space before ':'
  |
2 |   def identity(value :int) :int=value
  |                     ^
  |
test/fixtures/typed-def-header.qnt:2:23: error[format/type-colon-spacing]: expected one space after ':'
  |
2 |   def identity(value :int) :int=value
  |                       ^
  |
test/fixtures/typed-def-header.qnt:2:27: error[format/type-colon-spacing]: expected no space before ':'
  |
2 |   def identity(value :int) :int=value
  |                           ^
  |
test/fixtures/typed-def-header.qnt:2:29: error[format/type-colon-spacing]: expected one space after ':'
  |
2 |   def identity(value :int) :int=value
  |                             ^
  |
test/fixtures/typed-def-header.qnt:2:32: error[format/equals-spacing]: expected one space around '='
  |
2 |   def identity(value :int) :int=value
  |                                ^
  |
"
`;

exports[`checker diagnostics definitions reports a noncanonical untyped parameter with a return type 1`] = `
"test/fixtures/untyped-parameter-return.qnt:2:1: error[format/module-body-indentation]: expected 2 spaces of indentation
  |
2 |  def identity( value ) : int=value
  | ^
  |
test/fixtures/untyped-parameter-return.qnt:2:15: error[format/parameter-list-spacing]: expected no space after '('
  |
2 |  def identity( value ) : int=value
  |               ^
  |
test/fixtures/untyped-parameter-return.qnt:2:21: error[format/parameter-list-spacing]: expected no space before ')'
  |
2 |  def identity( value ) : int=value
  |                     ^
  |
test/fixtures/untyped-parameter-return.qnt:2:23: error[format/type-colon-spacing]: expected no space before ':'
  |
2 |  def identity( value ) : int=value
  |                       ^
  |
test/fixtures/untyped-parameter-return.qnt:2:29: error[format/equals-spacing]: expected one space around '='
  |
2 |  def identity( value ) : int=value
  |                             ^
  |
"
`;

exports[`checker diagnostics definitions reports noncanonical List-typed-header formatting 1`] = `
"test/fixtures/list-typed-header.qnt:2:25: error[format/type-delimiter-spacing]: expected no space after '['
  |
2 |   def identity(xs: List[ int ]): List[ int ] = xs
  |                         ^
  |
test/fixtures/list-typed-header.qnt:2:29: error[format/type-delimiter-spacing]: expected no space before ']'
  |
2 |   def identity(xs: List[ int ]): List[ int ] = xs
  |                             ^
  |
test/fixtures/list-typed-header.qnt:2:39: error[format/type-delimiter-spacing]: expected no space after '['
  |
2 |   def identity(xs: List[ int ]): List[ int ] = xs
  |                                       ^
  |
test/fixtures/list-typed-header.qnt:2:43: error[format/type-delimiter-spacing]: expected no space before ']'
  |
2 |   def identity(xs: List[ int ]): List[ int ] = xs
  |                                           ^
  |
"
`;

exports[`checker diagnostics definitions reports an optional definition semicolon 1`] = `
"test/fixtures/definition-semicolon.qnt:2:13: error[format/equals-spacing]: expected one space around '='
  |
2 |   def answer=42;
  |             ^
  |
test/fixtures/definition-semicolon.qnt:2:16: error[format/unnecessary-semicolon]: optional semicolons are omitted
  |
2 |   def answer=42;
  |                ^
  |
"
`;
