// Bun Snapshot v1, https://bun.sh/docs/test/snapshots

exports[`checker diagnostics definition modes reports noncanonical pure-definition formatting 1`] = `
"test/fixtures/pure-definition.qnt:2:7: error[format/qualifier-spacing]: expected one space after 'pure'
  |
2 |   pure   def answer=42
  |       ^^^
  |
test/fixtures/pure-definition.qnt:2:20: error[format/equals-spacing]: expected one space around '='
  |
2 |   pure   def answer=42
  |                    ^
  |
"
`;

exports[`checker diagnostics definition modes reports noncanonical pure-value formatting 1`] = `
"test/fixtures/pure-value-definition.qnt:2:7: error[format/qualifier-spacing]: expected one space after 'pure'
  |
2 |   pure   val answer=42
  |       ^^^
  |
test/fixtures/pure-value-definition.qnt:2:20: error[format/equals-spacing]: expected one space around '='
  |
2 |   pure   val answer=42
  |                    ^
  |
"
`;

exports[`checker diagnostics definition modes reports noncanonical action formatting 1`] = `
"test/fixtures/action-definition.qnt:2:20: error[format/equals-spacing]: expected one space around '='
  |
2 |   action initialize=true
  |                    ^
  |
"
`;

exports[`checker diagnostics definition modes reports noncanonical definition-body comment formatting 1`] = `
"test/fixtures/definition-body-comment.qnt:1:15: error[format/module-brace-spacing]: expected one space before '{'
  |
1 | module Example{
  |               ^
  |
test/fixtures/definition-body-comment.qnt:2:1: error[format/module-body-indentation]: expected 2 spaces of indentation
  |
2 | action init=
  | ^
  |
test/fixtures/definition-body-comment.qnt:2:12: error[format/equals-spacing]: expected one space around '='
  |
2 | action init=
  |            ^
  |
"
`;

exports[`checker diagnostics definition modes reports noncanonical run formatting 1`] = `
"test/fixtures/run-definition.qnt:2:15: error[format/equals-spacing]: expected one space around '='
  |
2 |   run scenario=true
  |               ^
  |
"
`;

exports[`checker diagnostics definition modes reports noncanonical temporal formatting 1`] = `
"test/fixtures/temporal-definition.qnt:2:21: error[format/equals-spacing]: expected one space around '='
  |
2 |   temporal invariant=true
  |                     ^
  |
"
`;

exports[`checker diagnostics definition modes reports noncanonical nondet formatting 1`] = `
"test/fixtures/nondet-definition.qnt:2:19: error[format/equals-spacing]: expected one space around '='
  |
2 |   nondet selection=true
  |                   ^
  |
"
`;

exports[`checker diagnostics definition modes reports noncanonical empty parameter lists 1`] = `
"test/fixtures/empty-parameter-lists.qnt:2:1: error[format/module-body-indentation]: expected 2 spaces of indentation
  |
2 |  action step(  ) :bool=true
  | ^
  |
test/fixtures/empty-parameter-lists.qnt:2:13: error[format/parameter-list-spacing]: expected no space around an empty parameter list
  |
2 |  action step(  ) :bool=true
  |             ^
  |
test/fixtures/empty-parameter-lists.qnt:2:17: error[format/type-colon-spacing]: expected no space before ':'
  |
2 |  action step(  ) :bool=true
  |                 ^
  |
test/fixtures/empty-parameter-lists.qnt:2:19: error[format/type-colon-spacing]: expected one space after ':'
  |
2 |  action step(  ) :bool=true
  |                   ^
  |
test/fixtures/empty-parameter-lists.qnt:2:23: error[format/equals-spacing]: expected one space around '='
  |
2 |  action step(  ) :bool=true
  |                       ^
  |
test/fixtures/empty-parameter-lists.qnt:3:1: error[format/module-body-indentation]: expected 2 spaces of indentation
  |
3 |  run scenario( ):bool=true
  | ^
  |
test/fixtures/empty-parameter-lists.qnt:3:14: error[format/parameter-list-spacing]: expected no space around an empty parameter list
  |
3 |  run scenario( ):bool=true
  |              ^
  |
test/fixtures/empty-parameter-lists.qnt:3:18: error[format/type-colon-spacing]: expected one space after ':'
  |
3 |  run scenario( ):bool=true
  |                  ^
  |
test/fixtures/empty-parameter-lists.qnt:3:22: error[format/equals-spacing]: expected one space around '='
  |
3 |  run scenario( ):bool=true
  |                      ^
  |
test/fixtures/empty-parameter-lists.qnt:4:1: error[format/module-body-indentation]: expected 2 spaces of indentation
  |
4 |  temporal property(  ):bool=true
  | ^
  |
test/fixtures/empty-parameter-lists.qnt:4:19: error[format/parameter-list-spacing]: expected no space around an empty parameter list
  |
4 |  temporal property(  ):bool=true
  |                   ^
  |
test/fixtures/empty-parameter-lists.qnt:4:24: error[format/type-colon-spacing]: expected one space after ':'
  |
4 |  temporal property(  ):bool=true
  |                        ^
  |
test/fixtures/empty-parameter-lists.qnt:4:28: error[format/equals-spacing]: expected one space around '='
  |
4 |  temporal property(  ):bool=true
  |                            ^
  |
test/fixtures/empty-parameter-lists.qnt:5:1: error[format/module-body-indentation]: expected 2 spaces of indentation
  |
5 |  nondet choose( ) :int=1
  | ^
  |
test/fixtures/empty-parameter-lists.qnt:5:15: error[format/parameter-list-spacing]: expected no space around an empty parameter list
  |
5 |  nondet choose( ) :int=1
  |               ^
  |
test/fixtures/empty-parameter-lists.qnt:5:18: error[format/type-colon-spacing]: expected no space before ':'
  |
5 |  nondet choose( ) :int=1
  |                  ^
  |
test/fixtures/empty-parameter-lists.qnt:5:20: error[format/type-colon-spacing]: expected one space after ':'
  |
5 |  nondet choose( ) :int=1
  |                    ^
  |
test/fixtures/empty-parameter-lists.qnt:5:23: error[format/equals-spacing]: expected one space around '='
  |
5 |  nondet choose( ) :int=1
  |                       ^
  |
"
`;

exports[`checker diagnostics definition modes reports noncanonical rich definitions across every mode 1`] = `
"test/fixtures/definition-matrix.qnt:1:14: error[format/module-brace-spacing]: expected one space before '{'
  |
1 | module Matrix{
  |              ^
  |
test/fixtures/definition-matrix.qnt:2:1: error[format/module-body-indentation]: expected 2 spaces of indentation
  |
2 | type Pair[a,b]=(a,b)
  | ^
  |
test/fixtures/definition-matrix.qnt:2:12: error[format/type-parameter-separator-spacing]: expected ', ' between type parameters
  |
2 | type Pair[a,b]=(a,b)
  |            ^
  |
test/fixtures/definition-matrix.qnt:2:15: error[format/equals-spacing]: expected one space around '='
  |
2 | type Pair[a,b]=(a,b)
  |               ^
  |
test/fixtures/definition-matrix.qnt:2:18: error[format/type-separator-spacing]: expected ', ' between types
  |
2 | type Pair[a,b]=(a,b)
  |                  ^
  |
test/fixtures/definition-matrix.qnt:3:1: error[format/module-body-indentation]: expected 2 spaces of indentation
  |
3 | type Callback[a,b]=(a)=>b
  | ^
  |
test/fixtures/definition-matrix.qnt:3:16: error[format/type-parameter-separator-spacing]: expected ', ' between type parameters
  |
3 | type Callback[a,b]=(a)=>b
  |                ^
  |
test/fixtures/definition-matrix.qnt:3:19: error[format/equals-spacing]: expected one space around '='
  |
3 | type Callback[a,b]=(a)=>b
  |                   ^
  |
test/fixtures/definition-matrix.qnt:3:23: error[format/type-operator-spacing]: expected one space around '=>'
  |
3 | type Callback[a,b]=(a)=>b
  |                       ^^
  |
test/fixtures/definition-matrix.qnt:4:1: error[format/module-body-indentation]: expected 2 spaces of indentation
  |
4 | var n:int
  | ^
  |
test/fixtures/definition-matrix.qnt:4:7: error[format/type-colon-spacing]: expected one space after ':'
  |
4 | var n:int
  |       ^
  |
test/fixtures/definition-matrix.qnt:5:1: error[format/module-body-indentation]: expected 2 spaces of indentation
  |
5 | pure def identity(value:List[Set[int]]):List[Set[int]]=value
  | ^
  |
test/fixtures/definition-matrix.qnt:5:25: error[format/type-colon-spacing]: expected one space after ':'
  |
5 | pure def identity(value:List[Set[int]]):List[Set[int]]=value
  |                         ^
  |
test/fixtures/definition-matrix.qnt:5:41: error[format/type-colon-spacing]: expected one space after ':'
  |
5 | pure def identity(value:List[Set[int]]):List[Set[int]]=value
  |                                         ^
  |
test/fixtures/definition-matrix.qnt:5:55: error[format/equals-spacing]: expected one space around '='
  |
5 | pure def identity(value:List[Set[int]]):List[Set[int]]=value
  |                                                       ^
  |
test/fixtures/definition-matrix.qnt:6:1: error[format/module-body-indentation]: expected 2 spaces of indentation
  |
6 | pure def apply(value:int,callback:(int)=>str):str=callback(value)
  | ^
  |
test/fixtures/definition-matrix.qnt:6:22: error[format/type-colon-spacing]: expected one space after ':'
  |
6 | pure def apply(value:int,callback:(int)=>str):str=callback(value)
  |                      ^
  |
test/fixtures/definition-matrix.qnt:6:25: error[format/parameter-separator-spacing]: expected ', ' between parameters
  |
6 | pure def apply(value:int,callback:(int)=>str):str=callback(value)
  |                         ^
  |
test/fixtures/definition-matrix.qnt:6:35: error[format/type-colon-spacing]: expected one space after ':'
  |
6 | pure def apply(value:int,callback:(int)=>str):str=callback(value)
  |                                   ^
  |
test/fixtures/definition-matrix.qnt:6:40: error[format/type-operator-spacing]: expected one space around '=>'
  |
6 | pure def apply(value:int,callback:(int)=>str):str=callback(value)
  |                                        ^^
  |
test/fixtures/definition-matrix.qnt:6:47: error[format/type-colon-spacing]: expected one space after ':'
  |
6 | pure def apply(value:int,callback:(int)=>str):str=callback(value)
  |                                               ^
  |
test/fixtures/definition-matrix.qnt:6:50: error[format/equals-spacing]: expected one space around '='
  |
6 | pure def apply(value:int,callback:(int)=>str):str=callback(value)
  |                                                  ^
  |
test/fixtures/definition-matrix.qnt:7:1: error[format/module-body-indentation]: expected 2 spaces of indentation
  |
7 | def stateValue(offset:int):int=n+offset
  | ^
  |
test/fixtures/definition-matrix.qnt:7:23: error[format/type-colon-spacing]: expected one space after ':'
  |
7 | def stateValue(offset:int):int=n+offset
  |                       ^
  |
test/fixtures/definition-matrix.qnt:7:28: error[format/type-colon-spacing]: expected one space after ':'
  |
7 | def stateValue(offset:int):int=n+offset
  |                            ^
  |
test/fixtures/definition-matrix.qnt:7:31: error[format/equals-spacing]: expected one space around '='
  |
7 | def stateValue(offset:int):int=n+offset
  |                               ^
  |
test/fixtures/definition-matrix.qnt:7:33: error[format/binary-operator-spacing]: expected one space around '+'
  |
7 | def stateValue(offset:int):int=n+offset
  |                                 ^
  |
test/fixtures/definition-matrix.qnt:8:1: error[format/module-body-indentation]: expected 2 spaces of indentation
  |
8 | action advance(amount:int):bool=all{
  | ^
  |
test/fixtures/definition-matrix.qnt:8:23: error[format/type-colon-spacing]: expected one space after ':'
  |
8 | action advance(amount:int):bool=all{
  |                       ^
  |
test/fixtures/definition-matrix.qnt:8:28: error[format/type-colon-spacing]: expected one space after ':'
  |
8 | action advance(amount:int):bool=all{
  |                            ^
  |
test/fixtures/definition-matrix.qnt:8:32: error[format/equals-spacing]: expected one space around '='
  |
8 | action advance(amount:int):bool=all{
  |                                ^
  |
test/fixtures/definition-matrix.qnt:9:7: error[format/binary-operator-spacing]: expected one space around '>'
  |
9 | amount>0,
  |       ^
  |
test/fixtures/definition-matrix.qnt:10:3: error[format/assignment-spacing]: expected one space around '='
   |
10 | n'=n+amount,
   |   ^
   |
test/fixtures/definition-matrix.qnt:10:5: error[format/binary-operator-spacing]: expected one space around '+'
   |
10 | n'=n+amount,
   |     ^
   |
test/fixtures/definition-matrix.qnt:12:1: error[format/module-body-indentation]: expected 2 spaces of indentation
   |
12 | run scenario(start:int):bool=(n'=start).then(n'=start+1)
   | ^
   |
test/fixtures/definition-matrix.qnt:12:20: error[format/type-colon-spacing]: expected one space after ':'
   |
12 | run scenario(start:int):bool=(n'=start).then(n'=start+1)
   |                    ^
   |
test/fixtures/definition-matrix.qnt:12:25: error[format/type-colon-spacing]: expected one space after ':'
   |
12 | run scenario(start:int):bool=(n'=start).then(n'=start+1)
   |                         ^
   |
test/fixtures/definition-matrix.qnt:12:29: error[format/equals-spacing]: expected one space around '='
   |
12 | run scenario(start:int):bool=(n'=start).then(n'=start+1)
   |                             ^
   |
test/fixtures/definition-matrix.qnt:12:33: error[format/assignment-spacing]: expected one space around '='
   |
12 | run scenario(start:int):bool=(n'=start).then(n'=start+1)
   |                                 ^
   |
test/fixtures/definition-matrix.qnt:12:48: error[format/assignment-spacing]: expected one space around '='
   |
12 | run scenario(start:int):bool=(n'=start).then(n'=start+1)
   |                                                ^
   |
test/fixtures/definition-matrix.qnt:12:54: error[format/binary-operator-spacing]: expected one space around '+'
   |
12 | run scenario(start:int):bool=(n'=start).then(n'=start+1)
   |                                                      ^
   |
test/fixtures/definition-matrix.qnt:13:1: error[format/module-body-indentation]: expected 2 spaces of indentation
   |
13 | temporal positive(limit:int):bool=always(n>=limit)
   | ^
   |
test/fixtures/definition-matrix.qnt:13:25: error[format/type-colon-spacing]: expected one space after ':'
   |
13 | temporal positive(limit:int):bool=always(n>=limit)
   |                         ^
   |
test/fixtures/definition-matrix.qnt:13:30: error[format/type-colon-spacing]: expected one space after ':'
   |
13 | temporal positive(limit:int):bool=always(n>=limit)
   |                              ^
   |
test/fixtures/definition-matrix.qnt:13:34: error[format/equals-spacing]: expected one space around '='
   |
13 | temporal positive(limit:int):bool=always(n>=limit)
   |                                  ^
   |
test/fixtures/definition-matrix.qnt:13:43: error[format/binary-operator-spacing]: expected one space around '>='
   |
13 | temporal positive(limit:int):bool=always(n>=limit)
   |                                           ^^
   |
test/fixtures/definition-matrix.qnt:14:1: error[format/module-body-indentation]: expected 2 spaces of indentation
   |
14 | nondet choose(values:Set[int]):int=values.oneOf()
   | ^
   |
test/fixtures/definition-matrix.qnt:14:22: error[format/type-colon-spacing]: expected one space after ':'
   |
14 | nondet choose(values:Set[int]):int=values.oneOf()
   |                      ^
   |
test/fixtures/definition-matrix.qnt:14:32: error[format/type-colon-spacing]: expected one space after ':'
   |
14 | nondet choose(values:Set[int]):int=values.oneOf()
   |                                ^
   |
test/fixtures/definition-matrix.qnt:14:35: error[format/equals-spacing]: expected one space around '='
   |
14 | nondet choose(values:Set[int]):int=values.oneOf()
   |                                   ^
   |
"
`;
