// Bun Snapshot v1, https://bun.sh/docs/test/snapshots

exports[`checker diagnostics source and declaration layout reports a compact module after a hashbang 1`] = `
"test/fixtures/hashbang.qnt:2:16: error[format/empty-module]: empty module braces must be on separate lines
  |
2 | module Example {}
  |                ^^
  |
"
`;

exports[`checker diagnostics source and declaration layout reports noncanonical multiple-module layout 1`] = `
"test/fixtures/multiple-modules.qnt:1:14: error[format/empty-module]: empty module braces must be on separate lines
  |
1 | module First {} module Second {}
  |              ^^
  |
test/fixtures/multiple-modules.qnt:1:17: error[format/module-separation]: expected one blank line between modules
  |
1 | module First {} module Second {}
  |                 ^^^^^^
  |
test/fixtures/multiple-modules.qnt:1:31: error[format/empty-module]: empty module braces must be on separate lines
  |
1 | module First {} module Second {}
  |                               ^^
  |
"
`;

exports[`checker diagnostics source and declaration layout reports adjacent multiline value definitions without blank lines 1`] = `
"test/fixtures/multiline-definition-separation.qnt:6:8: error[format/definition-separation]: expected exactly one blank line between definitions
  |
6 |   pure val second = {
  |        ^^^
  |
test/fixtures/multiline-definition-separation.qnt:10:8: error[format/definition-separation]: expected exactly one blank line between definitions
   |
10 |   pure val third = {
   |        ^^^
   |
"
`;

exports[`checker diagnostics source and declaration layout reports a multiline definition adjacent to a type declaration 1`] = `
"test/fixtures/multiline-definition-type-separation.qnt:5:37: error[format/type-colon-spacing]: expected one space after ':'
  |
5 |   pure def intCompare(__a: int, __b:int): Ordering = {
  |                                     ^
  |
test/fixtures/multiline-definition-type-separation.qnt:6:19: error[format/conditional-branch-spacing]: expected one space after ')'
  |
6 |     if (__a < __b)
  |                   ^
  |
test/fixtures/multiline-definition-type-separation.qnt:7:7: error[format/block-layout]: expected block contents and the closing brace on separate lines
  |
7 |       { LT }
  |       ^
  |
test/fixtures/multiline-definition-type-separation.qnt:8:24: error[format/conditional-branch-spacing]: expected one space after ')'
  |
8 |     else if (__a > __b)
  |                        ^
  |
test/fixtures/multiline-definition-type-separation.qnt:9:7: error[format/block-layout]: expected block contents and the closing brace on separate lines
  |
9 |       { GT }
  |       ^
  |
test/fixtures/multiline-definition-type-separation.qnt:10:5: error[format/conditional-else-spacing]: expected preserved line breaks and indentation around 'else'
   |
10 |     else
   |     ^^^^
   |
test/fixtures/multiline-definition-type-separation.qnt:11:7: error[format/block-layout]: expected block contents and the closing brace on separate lines
   |
11 |       { EQ }
   |       ^
   |
test/fixtures/multiline-definition-type-separation.qnt:13:3: error[format/definition-separation]: expected exactly one blank line between definitions
   |
13 |   type NodeIdToCompare = {
   |   ^^^^
   |
"
`;
